2026-05-24 13:23:44,249 - ExcelReader - INFO - Loading test data from: /home/shaury-rawat/Videos/final is here/99acres_capstone/utilities/../test_data/search_data.xlsx
2026-05-24 13:23:44,254 - ExcelReader - INFO - Successfully loaded test data: {'mobile_number': '9897777124', 'location': 'mumbai'}
2026-05-24 13:23:46,100 - root - INFO - Test Case 1: Location Search Flow Starting
2026-05-24 13:23:46,100 - root - INFO - Step 1: Clicking Projects Tab
2026-05-24 13:23:46,100 - HomePage - INFO - Clicking on Projects tab
2026-05-24 13:23:46,752 - root - INFO - Step 2 & 3: Entering Location: mumbai
2026-05-24 13:23:46,753 - HomePage - INFO - Entering location: mumbai
2026-05-24 13:23:49,370 - root - INFO - Step 4: Selecting Location from suggestions
2026-05-24 13:23:49,370 - HomePage - INFO - Selecting location from suggestions
2026-05-24 13:24:09,963 - HomePage - ERROR - No suggestion found or already selected: Message: 
Stacktrace:
#0 0x59ed9f8c316a <unknown>
#1 0x59ed9f2c06b9 <unknown>
#2 0x59ed9f314c0d <unknown>
#3 0x59ed9f314e51 <unknown>
#4 0x59ed9f35fb24 <unknown>
#5 0x59ed9f35ccbf <unknown>
#6 0x59ed9f308222 <unknown>
#7 0x59ed9f309011 <unknown>
#8 0x59ed9f888a0b <unknown>
#9 0x59ed9f88b92d <unknown>
#10 0x59ed9f875948 <unknown>
#11 0x59ed9f88c4c0 <unknown>
#12 0x59ed9f85c560 <unknown>
#13 0x59ed9f8afdd8 <unknown>
#14 0x59ed9f8aff75 <unknown>
#15 0x59ed9f8c1bce <unknown>
#16 0x7972c969caa4 <unknown>
#17 0x7972c9729c6c <unknown>

2026-05-24 13:24:09,964 - root - INFO - Step 5: Clicking Search Button
2026-05-24 13:24:09,964 - HomePage - INFO - Clicking Search button
2026-05-24 13:24:10,347 - root - INFO - Verifying Results Page Open
2026-05-24 13:24:10,347 - SearchResultsPage - INFO - Verifying search results visibility
2026-05-24 13:24:10,553 - SearchResultsPage - INFO - Search results are visible
2026-05-24 13:24:14,289 - root - INFO - Test Case 2: Property Search Flow Starting
2026-05-24 13:24:16,290 - root - INFO - Step 2: Waiting for property listings to be visible
2026-05-24 13:24:16,290 - SearchResultsPage - INFO - Verifying search results visibility
2026-05-24 13:24:16,415 - SearchResultsPage - INFO - Search results are visible
2026-05-24 13:24:16,415 - root - INFO - Step 3: Applying filters (3 BHK, 2036)
2026-05-24 13:24:16,415 - SearchResultsPage - INFO - Applying 3 BHK filter
2026-05-24 13:24:21,900 - SearchResultsPage - INFO - Applying 2036 filter
2026-05-24 13:24:27,080 - root - INFO - Step 4: Checking if property card is visible
2026-05-24 13:24:27,081 - SearchResultsPage - INFO - Verifying search results visibility
2026-05-24 13:24:27,093 - SearchResultsPage - INFO - Search results are visible
2026-05-24 13:24:27,452 - root - INFO - Test Case 2: PASSED
2026-05-24 13:24:27,455 - root - INFO - Test Case 3: View Number Flow Starting
2026-05-24 13:24:29,456 - root - INFO - Step 1: Opening required property (clicking third result)
2026-05-24 13:24:29,456 - SearchResultsPage - INFO - Clicking on the third property result
2026-05-24 13:24:32,554 - SearchResultsPage - INFO - Switching to the newly opened tab
2026-05-24 13:24:32,570 - root - INFO - Step 2 & 3: Finding and Clicking 'View Number' button
2026-05-24 13:24:32,571 - SearchResultsPage - INFO - Clicking 'OK, Got it' button
2026-05-24 13:24:37,880 - SearchResultsPage - INFO - Successfully clicked 'OK, Got it'
2026-05-24 13:24:37,880 - SearchResultsPage - INFO - Clicking on 'View Number' button
2026-05-24 13:24:37,980 - root - INFO - Step 4: Waiting for contact details popup
2026-05-24 13:24:37,980 - SearchResultsPage - INFO - Verifying if contact details popup is visible
2026-05-24 13:24:37,999 - SearchResultsPage - INFO - Contact details popup is visible
2026-05-24 13:24:38,000 - root - INFO - Step 5: Capturing final result screenshot
2026-05-24 13:24:38,309 - root - INFO - Screenshot saved successfully at: screenshots/result_screenshots/view_number/view_number_result_20260524-132437.png
2026-05-24 13:24:38,310 - root - INFO - Test Case 3: PASSED
2026-05-24 13:24:40,374 - root - INFO - Test Case 4: Project Filter Refinement Starting
2026-05-24 13:24:40,374 - HomePage - INFO - Clicking on Projects tab
2026-05-24 13:24:40,876 - HomePage - INFO - Entering location: mumbai
2026-05-24 13:24:43,388 - HomePage - INFO - Selecting location from suggestions
2026-05-24 13:25:03,974 - HomePage - ERROR - No suggestion found or already selected: Message: 
Stacktrace:
#0 0x59ed9f8c316a <unknown>
#1 0x59ed9f2c06b9 <unknown>
#2 0x59ed9f314c0d <unknown>
#3 0x59ed9f314e51 <unknown>
#4 0x59ed9f35fb24 <unknown>
#5 0x59ed9f35ccbf <unknown>
#6 0x59ed9f308222 <unknown>
#7 0x59ed9f309011 <unknown>
#8 0x59ed9f888a0b <unknown>
#9 0x59ed9f88b92d <unknown>
#10 0x59ed9f875948 <unknown>
#11 0x59ed9f88c4c0 <unknown>
#12 0x59ed9f85c560 <unknown>
#13 0x59ed9f8afdd8 <unknown>
#14 0x59ed9f8aff75 <unknown>
#15 0x59ed9f8c1bce <unknown>
#16 0x7972c969caa4 <unknown>
#17 0x7972c9729c6c <unknown>

2026-05-24 13:25:03,974 - HomePage - INFO - Clicking Search button
2026-05-24 13:25:04,067 - root - INFO - Step 1: Applying 3 BHK filter
2026-05-24 13:25:04,067 - SearchResultsPage - INFO - Applying 3 BHK filter
2026-05-24 13:25:08,181 - SearchResultsPage - INFO - Verifying search results visibility
2026-05-24 13:25:08,402 - SearchResultsPage - INFO - Search results are visible
2026-05-24 13:25:08,806 - root - INFO - Test Case 4: PASSED
2026-05-24 13:25:10,333 - root - INFO - Test Case 5: Invalid Location Search (Negative) Starting
2026-05-24 13:25:10,334 - root - INFO - Step 0: Clicking Projects Tab
2026-05-24 13:25:10,334 - HomePage - INFO - Clicking on Projects tab
2026-05-24 13:25:10,835 - root - INFO - Step 1: Entering Invalid Location: InvalidLocation12345
2026-05-24 13:25:10,835 - HomePage - INFO - Entering location: InvalidLocation12345
2026-05-24 13:25:13,451 - root - INFO - Step 2: Clicking Search Button
2026-05-24 13:25:13,451 - HomePage - INFO - Clicking Search button
2026-05-24 13:25:13,652 - root - INFO - Capturing Negative Search Result Screenshot
2026-05-24 13:25:15,136 - root - INFO - Negative test screenshot saved at: screenshots/negative_test_case/invalid_location_20260524-132513.png
2026-05-24 13:25:15,137 - SearchResultsPage - INFO - Verifying that no search results are found
2026-05-24 13:25:15,198 - SearchResultsPage - WARNING - Property cards WERE found. Search did not return zero results.
2026-05-24 13:25:15,199 - root - INFO - Test Case 5: Negative Validation Complete - PASSED
2026-05-24 13:25:16,677 - root - INFO - Test Case 6: Empty Location Search (Negative) Starting
2026-05-24 13:25:16,678 - root - INFO - Step 0: Clicking Projects Tab
2026-05-24 13:25:16,678 - HomePage - INFO - Clicking on Projects tab
2026-05-24 13:25:17,847 - root - INFO - Step 1: Clearing Search Box and Clicking Search
2026-05-24 13:25:17,847 - HomePage - INFO - Entering location: 
2026-05-24 13:25:20,294 - HomePage - INFO - Clicking Search button
2026-05-24 13:25:20,821 - root - INFO - Capturing Negative Search Result Screenshot
2026-05-24 13:25:21,334 - root - INFO - Negative test screenshot saved at: screenshots/negative_test_case/empty_location_20260524-132520.png
2026-05-24 13:25:21,334 - SearchResultsPage - INFO - Verifying that no search results are found
2026-05-24 13:25:21,433 - SearchResultsPage - WARNING - Property cards WERE found. Search did not return zero results.
2026-05-24 13:25:21,434 - root - INFO - Test Case 6: Negative Validation Complete - PASSED
2026-05-24 13:25:23,962 - TestHomePage - INFO - Starting homepage validation test
2026-05-24 13:25:23,963 - TestHomePage - INFO - Verifying page title
2026-05-24 13:25:24,476 - TestHomePage - INFO - Page title is: India Real Estate Property Site - Buy Sell Rent Properties Portal - 99acres.com
2026-05-24 13:25:24,476 - TestHomePage - INFO - Verifying Projects tab is displayed
2026-05-24 13:25:24,514 - TestHomePage - INFO - Verifying Search box is displayed
2026-05-24 13:25:24,551 - TestHomePage - INFO - Verifying Search button is displayed
2026-05-24 13:25:24,588 - TestHomePage - INFO - Homepage elements validated successfully
